Microchip MPLAB XC8 Compiler V2.46

Linker command line:

-W-3 --edf=E:\6th sem softwares\MPLAB V5\XCM\pic\dat\20240104201356_en.msgs \
  -cn -h+dist/default/production\Washing_Machine.X.production.sym \
  --cmf=dist/default/production\Washing_Machine.X.production.cmf -z \
  -Q16F877A -oC:\Users\Shreyas\AppData\Local\Temp\xcAs918.\driver_tmp_3.o \
  --defsym=__MPLAB_BUILD=1 --fixupoverflow=error \
  -Mdist/default/production/Washing_Machine.X.production.map \
  --md=C:\Users\Shreyas\AppData\Local\Temp\xcAs918.\driver_tmp_0.dat -E1 \
  -ver=XC8 Compiler --acfsm=1493 -ACODE=00h-07FFhx4 -ASTRCODE=00h-01FFFh \
  -ASTRING=00h-0FFhx32 -ACONST=00h-0FFhx32 -AENTRY=00h-0FFhx32 \
  -ACOMMON=070h-07Fh -ABANK0=020h-06Fh -ABANK1=0A0h-0EFh \
  -ABANK2=0110h-016Fh -ABANK3=0190h-01EFh \
  -ARAM=020h-06Fh,0A0h-0EFh,0110h-016Fh,0190h-01EFh \
  -AABS1=020h-07Fh,0A0h-0EFh,0110h-016Fh,0190h-01EFh -ASFR0=00h-01Fh \
  -ASFR1=080h-09Fh -ASFR2=0100h-010Fh -ASFR3=0180h-018Fh \
  -ACONFIG=02007h-02007h -DCONFIG=2 -AIDLOC=02000h-02003h -DIDLOC=2 \
  -AEEDATA=00h-0FFh/02100h -peeprom_data=EEDATA -DEEDATA=2 -DCODE=2 \
  -DSTRCODE=2 -DSTRING=2 -DCONST=2 -DENTRY=2 \
  -preset_vec=00h,intentry=04h,sivt,init,end_init -ppowerup=CODE \
  -pcinit=CODE -pfunctab=ENTRY -k \
  C:\Users\Shreyas\AppData\Local\Temp\xcAs918.\driver_tmp_12.o \
  dist/default/production\Washing_Machine.X.production.o 

Object code version is 3.11

Machine type is 16F877A



                Name                               Link     Load   Length Selector   Space Scale
C:\Users\Shreyas\AppData\Local\Temp\xcAs918.\driver_tmp_12.o
                end_init                              C        C        3        8       0
                reset_vec                             0        0        3        0       0
                config                             2007     2007        1        0       4
dist/default/production\Washing_Machine.X.production.o
                cinit                                 F        F       28        8       0
                intentry                              4        4        8        8       0
                config                             2007     2007        1        0       4
                text24                              898      898       35     1130       0
                text23                             1741     1741       20     2E82       0
                text22                              8CD      8CD       53     119A       0
                text21                             1701     1701        B     2E02       0
                text20                             16EA     16EA        6     2DD4       0
                text19                             16F8     16F8        9     2DF0       0
                text18                              87F      87F       19     10FE       0
                text17                             170C     170C        D     2E18       0
                text16                             17D1     17D1       2F     2FA2       0
                text15                             172C     172C       15     2E58       0
                text14                              9CF      9CF       5B     139E       0
                text13                              A2A      A2A       5F     1454       0
                text12                              A89      A89       67     1512       0
                text11                              976      976       59     12EC       0
                text10                             17A8     17A8       29     2F50       0
                text9                               3B7      3B7      345        8       0
                text8                               AF0      AF0       78     15E0       0
                text7                              1783     1783       25     2F06       0
                text6                               B68      B68       BA     16D0       0
                text5                               920      920       56     1240       0
                text4                               F06      F06       FA     1E0C       0
                text3                                37       37      380        8       0
                text2                               C22      C22       F6     1844       0
                text1                               D18      D18       F6     1A30       0
                maintext                            E0E      E0E       F8     1C1C       0
                cstackBANK0                          20       20       36       20       1
                cstackCOMMON                         70       70        A       70       1
                clrtext                            16F0     16F0        8     2DE0       0
                inittext                           1719     1719       13     2E32       0
                dataBANK1                            A0       A0       22       A0       1
                dataBANK0                            68       68        2       20       1
                bssBANK0                             56       56       12       20       1
                bssCOMMON                            7A       7A        2       70       1
                stringtext                          700      700      17C        E       0
                strings                            1000     1000       12     2000       0
                idataBANK1                         1761     1761       22     2EC2       0
                idataBANK0                          6FC      6FC        2        8       0

TOTAL           Name                               Link     Load   Length     Space
        CLASS   CODE           
                end_init                              C        C        3         0
                cinit                                 F        F       28         0
                intentry                              4        4        8         0
                reset_vec                             0        0        3         0
                text24                              898      898       35         0
                text23                             1741     1741       20         0
                text22                              8CD      8CD       53         0
                text21                             1701     1701        B         0
                text20                             16EA     16EA        6         0
                text19                             16F8     16F8        9         0
                text18                              87F      87F       19         0
                text17                             170C     170C        D         0
                text16                             17D1     17D1       2F         0
                text15                             172C     172C       15         0
                text14                              9CF      9CF       5B         0
                text13                              A2A      A2A       5F         0
                text12                              A89      A89       67         0
                text11                              976      976       59         0
                text10                             17A8     17A8       29         0
                text9                               3B7      3B7      345         0
                text8                               AF0      AF0       78         0
                text7                              1783     1783       25         0
                text6                               B68      B68       BA         0
                text5                               920      920       56         0
                text4                               F06      F06       FA         0
                text3                                37       37      380         0
                text2                               C22      C22       F6         0
                text1                               D18      D18       F6         0
                maintext                            E0E      E0E       F8         0
                clrtext                            16F0     16F0        8         0
                inittext                           1719     1719       13         0
                idataBANK1                         1761     1761       22         0
                idataBANK0                          6FC      6FC        2         0

        CLASS   STRCODE        
                stringtext                          700      700      17C         0

        CLASS   STRING         
                strings                            1000     1000       12         0

        CLASS   CONST          

        CLASS   ENTRY          

        CLASS   COMMON         
                cstackCOMMON                         70       70        A         1
                bssCOMMON                            7A       7A        2         1

        CLASS   BANK0          
                cstackBANK0                          20       20       36         1
                dataBANK0                            68       68        2         1
                bssBANK0                             56       56       12         1

        CLASS   BANK1          
                dataBANK1                            A0       A0       22         1

        CLASS   BANK2          

        CLASS   BANK3          

        CLASS   RAM            

        CLASS   ABS1           
                abs_s1                               7E       7E        2         1

        CLASS   SFR0           

        CLASS   SFR1           

        CLASS   SFR2           

        CLASS   SFR3           

        CLASS   CONFIG         
                config                             2007     2007        1         4

        CLASS   IDLOC          

        CLASS   EEDATA         

        CLASS   HEAP           

        CLASS   STACK          



SEGMENTS        Name                           Load    Length   Top    Selector   Space  Class     Delta

                reset_vec                      000000  000003  000003         0       0  CODE        2
                intentry                       000004  0006FA  0006FE         8       0  CODE        2
                cstackBANK0                    000020  00004A  00006A        20       1  BANK0       1
                cstackCOMMON                   000070  00000C  00007C        70       1  COMMON      1
                dataBANK1                      0000A0  000022  0000C2        A0       1  BANK1       1
                stringtext                     000700  00017C  00087C         E       0  STRCODE     2
                text18                         00087F  000019  000898      10FE       0  CODE        2
                text24                         000898  000035  0008CD      1130       0  CODE        2
                text22                         0008CD  000053  000920      119A       0  CODE        2
                text5                          000920  000056  000976      1240       0  CODE        2
                text11                         000976  000059  0009CF      12EC       0  CODE        2
                text14                         0009CF  00005B  000A2A      139E       0  CODE        2
                text13                         000A2A  00005F  000A89      1454       0  CODE        2
                text12                         000A89  000067  000AF0      1512       0  CODE        2
                text8                          000AF0  000078  000B68      15E0       0  CODE        2
                text6                          000B68  0000BA  000C22      16D0       0  CODE        2
                text2                          000C22  0000F6  000D18      1844       0  CODE        2
                text1                          000D18  0000F6  000E0E      1A30       0  CODE        2
                maintext                       000E0E  0000F8  000F06      1C1C       0  CODE        2
                text4                          000F06  0000FA  001000      1E0C       0  CODE        2
                strings                        001000  000012  001012      2000       0  STRING      2
                text20                         0016EA  000006  0016F0      2DD4       0  CODE        2
                clrtext                        0016F0  000008  0016F8      2DE0       0  CODE        2
                text19                         0016F8  000009  001701      2DF0       0  CODE        2
                text21                         001701  00000B  00170C      2E02       0  CODE        2
                text17                         00170C  00000D  001719      2E18       0  CODE        2
                inittext                       001719  000013  00172C      2E32       0  CODE        2
                text15                         00172C  000015  001741      2E58       0  CODE        2
                text23                         001741  000020  001761      2E82       0  CODE        2
                idataBANK1                     001761  000022  001783      2EC2       0  CODE        2
                text7                          001783  000025  0017A8      2F06       0  CODE        2
                text10                         0017A8  000029  0017D1      2F50       0  CODE        2
                text16                         0017D1  00002F  001800      2FA2       0  CODE        2


UNUSED ADDRESS RANGES

        Name                Unused          Largest block    Delta
        BANK0            006A-006F              6           1
        BANK1            00C2-00EF             2E           1
        BANK2            0110-016F             60           1
        BANK3            0190-01EF             60           1
        CODE             0003-0003              1           2
                         06FE-06FF              2
                         087C-087E              3
                         1012-16E9            6D8
                         1800-1FFF            800
        COMMON           007C-007D              2           1
        CONST            0003-0003              1           2
                         06FE-06FF              2
                         087C-087E              3
                         1012-16E9            100
                         1800-1FFF            100
        EEDATA           2100-21FF            100           2
        ENTRY            0003-0003              1           2
                         06FE-06FF              2
                         087C-087E              3
                         1012-16E9            100
                         1800-1FFF            100
        IDLOC            2000-2003              4           2
        RAM              006A-006F              6           1
                         00C2-00EF             2E
                         0110-016F             60
                         0190-01EF             60
        SFR0             0000-001F             20           1
        SFR1             0080-009F             20           1
        SFR2             0100-010F             10           1
        SFR3             0180-018F             10           1
        STRCODE          0003-0003              1           2
                         06FE-06FF              2
                         087C-087E              3
                         1012-16E9            6D8
                         1800-1FFF            800
        STRING           0003-0003              1           2
                         06FE-06FF              2
                         087C-087E              3
                         1012-16E9            100
                         1800-1FFF            100

                                  Symbol Table

?__Umul8_16                      cstackCOMMON 0072
?___awdiv                        cstackCOMMON 0072
?___awmod                        cstackCOMMON 0072
?___flmul                        cstackBANK0  0026
?___fltol                        cstackBANK0  0040
?___wmul                         cstackCOMMON 0072
?___xxtofl                       cstackCOMMON 0072
_GIE                             (abs)        005F
_PEIE                            (abs)        005E
_PORTB                           (abs)        0006
_PORTD                           (abs)        0008
_PR2                             (abs)        0092
_RB0                             (abs)        0030
_RC1                             (abs)        0039
_RC2                             (abs)        003A
_RE1                             (abs)        0049
_RE2                             (abs)        004A
_TMR2IE                          (abs)        0461
_TMR2IF                          (abs)        0061
_TMR2ON                          (abs)        0092
_TRISB                           (abs)        0086
_TRISC1                          (abs)        0439
_TRISC2                          (abs)        043A
_TRISD                           (abs)        0088
_TRISE1                          (abs)        0449
_TRISE2                          (abs)        044A
__H__absolute__                  __absolute__ 0000
__Habs1                          abs1         0000
__Hbank0                         bank0        0000
__Hbank1                         bank1        0000
__Hbank2                         bank2        0000
__Hbank3                         bank3        0000
__HbssBANK0                      bssBANK0     0000
__HbssCOMMON                     bssCOMMON    0000
__Hcinit                         cinit        0037
__Hclrtext                       clrtext      0000
__Hcode                          code         0000
__Hcommon                        common       0000
__Hconfig                        config       2008
__HcstackBANK0                   cstackBANK0  0000
__HcstackCOMMON                  cstackCOMMON 0000
__HdataBANK0                     dataBANK0    0000
__HdataBANK1                     dataBANK1    0000
__Heeprom_data                   eeprom_data  0000
__Hend_init                      end_init     000F
__Hfunctab                       functab      0000
__Hheap                          heap         0000
__HidataBANK0                    idataBANK0   0000
__HidataBANK1                    idataBANK1   0000
__Hinit                          init         000C
__Hinittext                      inittext     0000
__Hintentry                      intentry     000C
__Hmaintext                      maintext     0000
__Hpowerup                       powerup      0000
__Hram                           ram          0000
__Hreset_vec                     reset_vec    0003
__Hsfr0                          sfr0         0000
__Hsfr1                          sfr1         0000
__Hsfr2                          sfr2         0000
__Hsfr3                          sfr3         0000
__Hsivt                          sivt         000C
__Hspace_0                       (abs)        1800
__Hspace_1                       (abs)        00C2
__Hspace_2                       (abs)        0000
__Hspace_3                       (abs)        0000
__Hspace_4                       (abs)        400F
__Hstack                         stack        0000
__Hstrings                       strings      0000
__Hstringtext                    stringtext   0000
__Htext                          text         0000
__L__absolute__                  __absolute__ 0000
__Labs1                          abs1         0000
__Lbank0                         bank0        0000
__Lbank1                         bank1        0000
__Lbank2                         bank2        0000
__Lbank3                         bank3        0000
__LbssBANK0                      bssBANK0     0000
__LbssCOMMON                     bssCOMMON    0000
__Lcinit                         cinit        000F
__Lclrtext                       clrtext      0000
__Lcode                          code         0000
__Lcommon                        common       0000
__Lconfig                        config       0000
__LcstackBANK0                   cstackBANK0  0000
__LcstackCOMMON                  cstackCOMMON 0000
__LdataBANK0                     dataBANK0    0000
__LdataBANK1                     dataBANK1    0000
__Leeprom_data                   eeprom_data  0000
__Lend_init                      end_init     000C
__Lfunctab                       functab      0000
__Lheap                          heap         0000
__LidataBANK0                    idataBANK0   0000
__LidataBANK1                    idataBANK1   0000
__Linit                          init         000C
__Linittext                      inittext     0000
__Lintentry                      intentry     0004
__Lmaintext                      maintext     0000
__Lpowerup                       powerup      0000
__Lram                           ram          0000
__Lreset_vec                     reset_vec    0000
__Lsfr0                          sfr0         0000
__Lsfr1                          sfr1         0000
__Lsfr2                          sfr2         0000
__Lsfr3                          sfr3         0000
__Lsivt                          sivt         000C
__Lspace_0                       (abs)        0000
__Lspace_1                       (abs)        0000
__Lspace_2                       (abs)        0000
__Lspace_3                       (abs)        0000
__Lspace_4                       (abs)        0000
__Lstack                         stack        0000
__Lstrings                       strings      0000
__Lstringtext                    stringtext   0000
__Ltext                          text         0000
__S0                             (abs)        1800
__S1                             (abs)        00C2
__S3                             (abs)        0000
__Umul8_16                       text10       17A8
__Umul8_16@multiplicand          cstackCOMMON 0072
__Umul8_16@multiplier            cstackBANK0  0024
__Umul8_16@product               cstackBANK0  0020
__Umul8_16@word_mpld             cstackBANK0  0022
___awdiv                         text12       0A89
___awdiv@counter                 cstackCOMMON 0076
___awdiv@dividend                cstackCOMMON 0074
___awdiv@divisor                 cstackCOMMON 0072
___awdiv@quotient                cstackCOMMON 0078
___awdiv@sign                    cstackCOMMON 0077
___awmod                         text11       0976
___awmod@counter                 cstackCOMMON 0076
___awmod@dividend                cstackCOMMON 0074
___awmod@divisor                 cstackCOMMON 0072
___awmod@sign                    cstackCOMMON 0077
___flmul                         text9        03B7
___flmul@a                       cstackBANK0  002A
___flmul@aexp                    cstackBANK0  0034
___flmul@b                       cstackBANK0  0026
___flmul@bexp                    cstackBANK0  0039
___flmul@grs                     cstackBANK0  0035
___flmul@prod                    cstackBANK0  003A
___flmul@sign                    cstackBANK0  0033
___flmul@temp                    cstackBANK0  003E
___fltol                         text8        0AF0
___fltol@exp1                    cstackBANK0  0049
___fltol@f1                      cstackBANK0  0040
___fltol@sign1                   cstackBANK0  0048
___heap_hi                       (abs)        0000
___heap_lo                       (abs)        0000
___int_sp                        stack        0000
___int_stack_hi                  stack        0000
___int_stack_lo                  stack        0000
___latbits                       (abs)        0002
___sp                            stack        0000
___stack_hi                      stack        0000
___stack_lo                      stack        0000
___stackhi                       (abs)        0000
___stacklo                       (abs)        0000
___wmul                          text7        1783
___wmul@multiplicand             cstackCOMMON 0074
___wmul@multiplier               cstackCOMMON 0072
___wmul@product                  cstackCOMMON 0076
___xxtofl                        text6        0B68
___xxtofl@arg                    cstackBANK0  0022
___xxtofl@exp                    cstackBANK0  0021
___xxtofl@sign                   cstackBANK0  0020
___xxtofl@val                    cstackCOMMON 0072
__end_of__Umul8_16               text10       17D1
__end_of___awdiv                 text12       0AF0
__end_of___awmod                 text11       09CF
__end_of___flmul                 text9        06FC
__end_of___fltol                 text8        0B68
__end_of___wmul                  text7        17A8
__end_of___xxtofl                text6        0C22
__end_of__initialization         cinit        0033
__end_of__stringtab              strings      1012
__end_of_clcd_clear              text17       1719
__end_of_clcd_print              text16       1800
__end_of_clcd_putch              text15       1741
__end_of_clcd_write              text23       1761
__end_of_door_status_check       text5        0976
__end_of_init_clcd               text21       170C
__end_of_init_config             text18       0898
__end_of_init_digital_keypad     text20       16F0
__end_of_init_display_controller text22       0920
__end_of_init_timer2             text19       1701
__end_of_isr                     text24       08CD
__end_of_main                    maintext     0F06
__end_of_power_on_screen         text14       0A2A
__end_of_read_digital_keypad     text13       0A89
__end_of_run_program             text3        03B7
__end_of_set_timer               text4        1000
__end_of_washing_program_display text2        0D18
__end_of_water_level_display     text1        0E0E
__initialization                 cinit        000F
__pbssBANK0                      bssBANK0     0056
__pbssCOMMON                     bssCOMMON    007A
__pcstackBANK0                   cstackBANK0  0020
__pcstackCOMMON                  cstackCOMMON 0070
__pdataBANK0                     dataBANK0    0068
__pdataBANK1                     dataBANK1    00A0
__pidataBANK0                    idataBANK0   06FC
__pidataBANK1                    idataBANK1   1761
__pintentry                      intentry     0004
__pmaintext                      maintext     0E0E
__pstrings                       strings      1000
__pstringtext                    stringtext   0700
__ptext1                         text1        0D18
__ptext10                        text10       17A8
__ptext11                        text11       0976
__ptext12                        text12       0A89
__ptext13                        text13       0A2A
__ptext14                        text14       09CF
__ptext15                        text15       172C
__ptext16                        text16       17D1
__ptext17                        text17       170C
__ptext18                        text18       087F
__ptext19                        text19       16F8
__ptext2                         text2        0C22
__ptext20                        text20       16EA
__ptext21                        text21       1701
__ptext22                        text22       08CD
__ptext23                        text23       1741
__ptext24                        text24       0898
__ptext3                         text3        0037
__ptext4                         text4        0F06
__ptext5                         text5        0920
__ptext6                         text6        0B68
__ptext7                         text7        1783
__ptext8                         text8        0AF0
__ptext9                         text9        03B7
__stringbase                     strings      1012
__stringtab                      strings      1000
_clcd_clear                      text17       170C
_clcd_print                      text16       17D1
_clcd_putch                      text15       172C
_clcd_write                      text23       1741
_door_status_check               text5        0920
_init_clcd                       text21       1701
_init_config                     text18       087F
_init_digital_keypad             text20       16EA
_init_display_controller         text22       08CD
_init_timer2                     text19       16F8
_isr                             text24       0898
_main                            maintext     0E0E
_min                             bssBANK0     0064
_operation_mode                  dataBANK0    0069
_power_on_screen                 text14       09CF
_program_no                      bssCOMMON    007B
_read_digital_keypad             text13       0A2A
_reset_mode                      bssBANK0     0065
_rinse_time                      bssBANK0     005E
_run_program                     text3        0037
_sec                             bssBANK0     0063
_set_timer                       text4        0F06
_spin_time                       bssBANK0     005A
_wash_time                       bssBANK0     005C
_washing_prog                    dataBANK1    00A0
_washing_program_display         text2        0C22
_water_level_display             text1        0D18
_water_level_index               bssCOMMON    007A
_water_level_options             dataBANK1    00B8
btemp                            (abs)        007E
clcd_print@addr                  cstackCOMMON 0078
clcd_print@str                   cstackCOMMON 0076
clcd_putch@addr                  cstackBANK0  0020
clcd_putch@data                  cstackBANK0  0021
clcd_write@byte                  cstackCOMMON 0075
clcd_write@mode                  cstackCOMMON 0072
clear_ram0                       clrtext      16F0
end_of_initialization            cinit        0033
init_fetch0                      inittext     1719
init_ram0                        inittext     171D
interrupt_function               intentry     0004
intlevel0                        functab      0000
intlevel1                        functab      0000
intlevel2                        functab      0000
intlevel3                        functab      0000
intlevel4                        functab      0000
intlevel5                        functab      0000
isr@count                        bssBANK0     0056
main@key                         cstackBANK0  0055
main@wait                        cstackBANK0  0053
power_on_screen@i                cstackBANK0  0025
power_on_screen@i_143            cstackBANK0  0026
read_digital_keypad@long_press   bssBANK0     0062
read_digital_keypad@mode         cstackCOMMON 0073
read_digital_keypad@once         dataBANK0    0068
read_digital_keypad@prev_key     bssBANK0     0060
reset_vec                        reset_vec    0000
run_program@key                  cstackBANK0  0050
run_program@time                 bssBANK0     0066
run_program@total_time           bssBANK0     0058
run_program@wait                 cstackBANK0  0051
saved_w                          (abs)        007E
start                            init         000C
start_initialization             cinit        000F
washing_program_display@key      cstackBANK0  0024
water_level_display@key          cstackBANK0  0024
wtemp0                           (abs)        007E


MODULE INFORMATION

Module		Function		Class		Link	Load	Size
timers.c
		_init_timer2   		CODE           	16F8	0000	9

timers.c estimated size: 9

E:\6th sem softwares\MPLAB V5\XCM\pic\sources\c99\common\Umul8_16.c
		__Umul8_16     		CODE           	17A8	0000	41

E:\6th sem softwares\MPLAB V5\XCM\pic\sources\c99\common\Umul8_16.c estimated size: 41

digital_keypad.c
		_init_digital_keypad		CODE           	16EA	0000	6
		_read_digital_keypad		CODE           	0A2A	0000	95

digital_keypad.c estimated size: 101

E:\6th sem softwares\MPLAB V5\XCM\pic\sources\c99\common\awdiv.c
		___awdiv       		CODE           	0A89	0000	103

E:\6th sem softwares\MPLAB V5\XCM\pic\sources\c99\common\awdiv.c estimated size: 103

E:\6th sem softwares\MPLAB V5\XCM\pic\sources\c99\common\fltol.c
		___fltol       		CODE           	0AF0	0000	120

E:\6th sem softwares\MPLAB V5\XCM\pic\sources\c99\common\fltol.c estimated size: 120

E:\6th sem softwares\MPLAB V5\XCM\pic\sources\c99\common\xxtofl.c
		___xxtofl      		CODE           	0B68	0000	186

E:\6th sem softwares\MPLAB V5\XCM\pic\sources\c99\common\xxtofl.c estimated size: 186

isr.c
		_isr           		CODE           	0898	0000	53

isr.c estimated size: 53

shared
		__stringtab    		STRING         	1000	0000	18
		__initialization		CODE           	000F	0000	36

shared estimated size: 54

clcd.c
		_clcd_clear    		CODE           	170C	0000	13
		_clcd_write    		CODE           	1741	0000	32
		_clcd_print    		CODE           	17D1	0000	47
		_clcd_putch    		CODE           	172C	0000	21
		_init_display_controller		CODE           	08CD	0000	83
		_init_clcd     		CODE           	1701	0000	11

clcd.c estimated size: 207

E:\6th sem softwares\MPLAB V5\XCM\pic\sources\c99\common\sprcmul.c
		___flmul       		CODE           	03B7	0000	837

E:\6th sem softwares\MPLAB V5\XCM\pic\sources\c99\common\sprcmul.c estimated size: 837

E:\6th sem softwares\MPLAB V5\XCM\pic\sources\c99\common\Umul16.c
		___wmul        		CODE           	1783	0000	37

E:\6th sem softwares\MPLAB V5\XCM\pic\sources\c99\common\Umul16.c estimated size: 37

main.c
		_door_status_check		CODE           	0920	0000	86
		_washing_program_display		CODE           	0C22	0000	246
		_main          		CODE           	0E0E	0000	248
		_water_level_display		CODE           	0D18	0000	246
		_run_program   		CODE           	0037	0000	896
		_power_on_screen		CODE           	09CF	0000	91
		_set_timer     		CODE           	0F06	0000	250
		_init_config   		CODE           	087F	0000	25

main.c estimated size: 2088

E:\6th sem softwares\MPLAB V5\XCM\pic\sources\c99\common\awmod.c
		___awmod       		CODE           	0976	0000	89

E:\6th sem softwares\MPLAB V5\XCM\pic\sources\c99\common\awmod.c estimated size: 89

